// Jest Snapshot v1, https://goo.gl/fbAQLP

exports[`shows blog posts 1`] = `
Object {
  "asFragment": [Function],
  "baseElement": <body>
    <div>
      <div
        class="my-0 mx-auto p-4 max-w-xl pb-0"
      >
        <header
          class="flex items-center mt-4 mb-8"
        >
          <h1
            class="text-2xl mr-3 font-bold"
          >
            Блог Ильи Варламова
          </h1>
          <button
            class="ml-auto"
            title="Переключить тему"
            type="button"
          >
            <div
              class="w-7 h-7"
            >
              <svg
                fill="none"
                height="24"
                stroke="currentColor"
                stroke-linecap="round"
                stroke-linejoin="round"
                stroke-width="2"
                style="width: 100%; height: 100%;"
                viewBox="0 0 24 24"
                width="24"
                xmlns="http://www.w3.org/2000/svg"
              >
                <path
                  d="M21 12.79A9 9 0 1 1 11.21 3 7 7 0 0 0 21 12.79z"
                />
              </svg>
            </div>
          </button>
        </header>
        <header
          class="mb-8"
        >
          <h2
            class="mb-1 text-xl"
          >
            <a
              class="hover:underline"
              href="/blog/1.html"
            >
              Первая новость
            </a>
          </h2>
          <time
            class="opacity-70"
          >
            сегодня в 2:58
          </time>
        </header>
        <header
          class="mb-8"
        >
          <h2
            class="mb-1 text-xl"
          >
            <a
              class="hover:underline"
              href="/blog/2.html"
            >
              Вторая новость
            </a>
          </h2>
          <time
            class="opacity-70"
          >
            сегодня в 1:00
          </time>
        </header>
        <header
          class="mb-8"
        >
          <h2
            class="mb-1 text-xl"
          >
            <a
              class="hover:underline"
              href="/blog/3.html"
            >
              Третья новость
            </a>
          </h2>
          <time
            class="opacity-70"
          >
            18 марта
          </time>
        </header>
        <div
          class="flex items-center sticky bottom-0 py-4 space-x-6 justify-end bg-gray-50 dark:bg-gray-900"
        >
          <a
            class="hover:underline"
            href="/page/2"
            title="Предыдущая страница"
          >
            <div
              class="w-7 h-7"
            >
              <svg
                fill="none"
                height="24"
                stroke="currentColor"
                stroke-linecap="round"
                stroke-linejoin="round"
                stroke-width="2"
                style="width: 100%; height: 100%;"
                viewBox="0 0 24 24"
                width="24"
                xmlns="http://www.w3.org/2000/svg"
              >
                <line
                  x1="19"
                  x2="5"
                  y1="12"
                  y2="12"
                />
                <polyline
                  points="12 19 5 12 12 5"
                />
              </svg>
            </div>
          </a>
          <span>
            1
          </span>
          <span
            class="opacity-50"
          >
            <div
              class="w-7 h-7"
            >
              <svg
                fill="none"
                height="24"
                stroke="currentColor"
                stroke-linecap="round"
                stroke-linejoin="round"
                stroke-width="2"
                style="width: 100%; height: 100%;"
                viewBox="0 0 24 24"
                width="24"
                xmlns="http://www.w3.org/2000/svg"
              >
                <line
                  x1="5"
                  x2="19"
                  y1="12"
                  y2="12"
                />
                <polyline
                  points="12 5 19 12 12 19"
                />
              </svg>
            </div>
          </span>
        </div>
      </div>
    </div>
  </body>,
  "container": <div>
    <div
      class="my-0 mx-auto p-4 max-w-xl pb-0"
    >
      <header
        class="flex items-center mt-4 mb-8"
      >
        <h1
          class="text-2xl mr-3 font-bold"
        >
          Блог Ильи Варламова
        </h1>
        <button
          class="ml-auto"
          title="Переключить тему"
          type="button"
        >
          <div
            class="w-7 h-7"
          >
            <svg
              fill="none"
              height="24"
              stroke="currentColor"
              stroke-linecap="round"
              stroke-linejoin="round"
              stroke-width="2"
              style="width: 100%; height: 100%;"
              viewBox="0 0 24 24"
              width="24"
              xmlns="http://www.w3.org/2000/svg"
            >
              <path
                d="M21 12.79A9 9 0 1 1 11.21 3 7 7 0 0 0 21 12.79z"
              />
            </svg>
          </div>
        </button>
      </header>
      <header
        class="mb-8"
      >
        <h2
          class="mb-1 text-xl"
        >
          <a
            class="hover:underline"
            href="/blog/1.html"
          >
            Первая новость
          </a>
        </h2>
        <time
          class="opacity-70"
        >
          сегодня в 2:58
        </time>
      </header>
      <header
        class="mb-8"
      >
        <h2
          class="mb-1 text-xl"
        >
          <a
            class="hover:underline"
            href="/blog/2.html"
          >
            Вторая новость
          </a>
        </h2>
        <time
          class="opacity-70"
        >
          сегодня в 1:00
        </time>
      </header>
      <header
        class="mb-8"
      >
        <h2
          class="mb-1 text-xl"
        >
          <a
            class="hover:underline"
            href="/blog/3.html"
          >
            Третья новость
          </a>
        </h2>
        <time
          class="opacity-70"
        >
          18 марта
        </time>
      </header>
      <div
        class="flex items-center sticky bottom-0 py-4 space-x-6 justify-end bg-gray-50 dark:bg-gray-900"
      >
        <a
          class="hover:underline"
          href="/page/2"
          title="Предыдущая страница"
        >
          <div
            class="w-7 h-7"
          >
            <svg
              fill="none"
              height="24"
              stroke="currentColor"
              stroke-linecap="round"
              stroke-linejoin="round"
              stroke-width="2"
              style="width: 100%; height: 100%;"
              viewBox="0 0 24 24"
              width="24"
              xmlns="http://www.w3.org/2000/svg"
            >
              <line
                x1="19"
                x2="5"
                y1="12"
                y2="12"
              />
              <polyline
                points="12 19 5 12 12 5"
              />
            </svg>
          </div>
        </a>
        <span>
          1
        </span>
        <span
          class="opacity-50"
        >
          <div
            class="w-7 h-7"
          >
            <svg
              fill="none"
              height="24"
              stroke="currentColor"
              stroke-linecap="round"
              stroke-linejoin="round"
              stroke-width="2"
              style="width: 100%; height: 100%;"
              viewBox="0 0 24 24"
              width="24"
              xmlns="http://www.w3.org/2000/svg"
            >
              <line
                x1="5"
                x2="19"
                y1="12"
                y2="12"
              />
              <polyline
                points="12 5 19 12 12 19"
              />
            </svg>
          </div>
        </span>
      </div>
    </div>
  </div>,
  "debug": [Function],
  "findAllByAltText": [Function],
  "findAllByDisplayValue": [Function],
  "findAllByLabelText": [Function],
  "findAllByPlaceholderText": [Function],
  "findAllByRole": [Function],
  "findAllByTestId": [Function],
  "findAllByText": [Function],
  "findAllByTitle": [Function],
  "findByAltText": [Function],
  "findByDisplayValue": [Function],
  "findByLabelText": [Function],
  "findByPlaceholderText": [Function],
  "findByRole": [Function],
  "findByTestId": [Function],
  "findByText": [Function],
  "findByTitle": [Function],
  "getAllByAltText": [Function],
  "getAllByDisplayValue": [Function],
  "getAllByLabelText": [Function],
  "getAllByPlaceholderText": [Function],
  "getAllByRole": [Function],
  "getAllByTestId": [Function],
  "getAllByText": [Function],
  "getAllByTitle": [Function],
  "getByAltText": [Function],
  "getByDisplayValue": [Function],
  "getByLabelText": [Function],
  "getByPlaceholderText": [Function],
  "getByRole": [Function],
  "getByTestId": [Function],
  "getByText": [Function],
  "getByTitle": [Function],
  "queryAllByAltText": [Function],
  "queryAllByDisplayValue": [Function],
  "queryAllByLabelText": [Function],
  "queryAllByPlaceholderText": [Function],
  "queryAllByRole": [Function],
  "queryAllByTestId": [Function],
  "queryAllByText": [Function],
  "queryAllByTitle": [Function],
  "queryByAltText": [Function],
  "queryByDisplayValue": [Function],
  "queryByLabelText": [Function],
  "queryByPlaceholderText": [Function],
  "queryByRole": [Function],
  "queryByTestId": [Function],
  "queryByText": [Function],
  "queryByTitle": [Function],
  "rerender": [Function],
  "unmount": [Function],
}
`;
