// Jest Snapshot v1, https://goo.gl/fbAQLP

exports[`shows article 1`] = `
{
  "asFragment": [Function],
  "baseElement": <body>
    <div>
      <div
        class="my-0 mx-auto p-4 max-w-3xl"
      >
        <header
          class="flex flex-col mt-4 mb-8"
        >
          <div
            class="flex items-center"
          >
            <h1
              class="text-2xl mr-3 font-bold"
            >
              Блог Ильи Варламова
            </h1>
            <button
              class="ml-auto"
              title="Поиск"
              type="button"
            >
              <div
                class="w-7 h-7"
              >
                <svg
                  fill="none"
                  height="24"
                  stroke="currentColor"
                  stroke-linecap="round"
                  stroke-linejoin="round"
                  stroke-width="2"
                  style="width: 100%; height: 100%;"
                  viewBox="0 0 24 24"
                  width="24"
                  xmlns="http://www.w3.org/2000/svg"
                >
                  <circle
                    cx="11"
                    cy="11"
                    r="8"
                  />
                  <line
                    x1="21"
                    x2="16.65"
                    y1="21"
                    y2="16.65"
                  />
                </svg>
              </div>
            </button>
            <button
              class="ml-4"
              title="Переключить тему"
              type="button"
            >
              <div
                class="w-7 h-7"
              >
                <svg
                  fill="none"
                  height="24"
                  stroke="currentColor"
                  stroke-linecap="round"
                  stroke-linejoin="round"
                  stroke-width="2"
                  style="width: 100%; height: 100%;"
                  viewBox="0 0 24 24"
                  width="24"
                  xmlns="http://www.w3.org/2000/svg"
                >
                  <path
                    d="M21 12.79A9 9 0 1 1 11.21 3 7 7 0 0 0 21 12.79z"
                  />
                </svg>
              </div>
            </button>
          </div>
        </header>
        <time
          class="flex mb-1"
        >
          29 марта 2021
          <span
            class="opacity-70 inline-flex items-center ml-4"
          >
            <div
              class="mr-2 w-4 h-4"
            >
              <svg
                fill="none"
                height="24"
                stroke="currentColor"
                stroke-linecap="round"
                stroke-linejoin="round"
                stroke-width="2"
                style="width: 100%; height: 100%;"
                viewBox="0 0 24 24"
                width="24"
                xmlns="http://www.w3.org/2000/svg"
              >
                <circle
                  cx="12"
                  cy="12"
                  r="10"
                />
                <polyline
                  points="12 6 12 12 16 14"
                />
              </svg>
            </div>
            3 минуты
          </span>
        </time>
        <h1
          class="font-bold text-3xl mb-5"
        >
          Lorem ipsum, dolor sit amet consectetur adipisicing.
        </h1>
        <div
          class="mb-4"
        >
          
					Lorem ipsum dolor sit amet, consectetur adipisicing elit.
		Cumque voluptatum numquam, omnis saepe facere cupiditate
		sit accusamus nesciunt nam debitis voluptatem exercitationem
		fugiat modi, aliquid nostrum vitae! Repellendus atque aliquid
		corrupti animi deleniti voluptatem provident libero facilis
		veritatis aut totam, distinctio saepe reiciendis neque
		ducimus sit eligendi ut architecto iste commodi pariatur
		non soluta ea praesentium? Quas iusto placeat voluptate
		excepturi quia perspiciatis sapiente quae reprehenderit
		ratione nisi iure laudantium asperiores ad
					
          <br />
          
					
          <br />
          
					
          <img
            alt=""
            data-nimg="1"
            decoding="async"
            height="720"
            loading="lazy"
            src="/_next/image?url=%2F2021%2Fizmajlovo%2F02.jpg&w=1920&q=75"
            srcset="/_next/image?url=%2F2021%2Fizmajlovo%2F02.jpg&w=1080&q=75 1x, /_next/image?url=%2F2021%2Fizmajlovo%2F02.jpg&w=1920&q=75 2x"
            style="color: transparent;"
            width="960"
          />
          
					
          <br />
          
					
          <i>
            
					  
            <span>
              Фото: 
              <a
                class="group hover:underline underline"
                href="https://www.facebook.com/tatyana.tsarenko.94/posts/1955993087875425"
                rel="noopener noreferrer"
                target="_blank"
              >
                Татьяна Царенко / Facebook
                <div
                  class="inline-block ml-1 w-3 h-3 opacity-70 group-hover:opacity-100 transition-opacity"
                >
                  <svg
                    fill="none"
                    height="24"
                    stroke="currentColor"
                    stroke-linecap="round"
                    stroke-linejoin="round"
                    stroke-width="2"
                    style="width: 100%; height: 100%;"
                    viewBox="0 0 24 24"
                    width="24"
                    xmlns="http://www.w3.org/2000/svg"
                  >
                    <path
                      d="M18 13v6a2 2 0 0 1-2 2H5a2 2 0 0 1-2-2V8a2 2 0 0 1 2-2h6"
                    />
                    <polyline
                      points="15 3 21 3 21 9"
                    />
                    <line
                      x1="10"
                      x2="21"
                      y1="14"
                      y2="3"
                    />
                  </svg>
                </div>
              </a>
            </span>
            
					
          </i>
          
				
        </div>
        <div
          class="flex flex-wrap"
        >
          <a
            class="text-sm py-2 px-3 border rounded border-gray-700 border-solid mb-3 hover:no-underline mr-3"
            href="/search/%23%D0%9C%D0%BE%D1%81%D0%BA%D0%B2%D0%B0"
          >
            #Москва
          </a>
          <a
            class="text-sm py-2 px-3 border rounded border-gray-700 border-solid mb-3 hover:no-underline mr-3"
            href="/search/%23%D0%A0%D0%BE%D1%81%D1%81%D0%B8%D1%8F"
          >
            #Россия
          </a>
        </div>
      </div>
    </div>
  </body>,
  "container": <div>
    <div
      class="my-0 mx-auto p-4 max-w-3xl"
    >
      <header
        class="flex flex-col mt-4 mb-8"
      >
        <div
          class="flex items-center"
        >
          <h1
            class="text-2xl mr-3 font-bold"
          >
            Блог Ильи Варламова
          </h1>
          <button
            class="ml-auto"
            title="Поиск"
            type="button"
          >
            <div
              class="w-7 h-7"
            >
              <svg
                fill="none"
                height="24"
                stroke="currentColor"
                stroke-linecap="round"
                stroke-linejoin="round"
                stroke-width="2"
                style="width: 100%; height: 100%;"
                viewBox="0 0 24 24"
                width="24"
                xmlns="http://www.w3.org/2000/svg"
              >
                <circle
                  cx="11"
                  cy="11"
                  r="8"
                />
                <line
                  x1="21"
                  x2="16.65"
                  y1="21"
                  y2="16.65"
                />
              </svg>
            </div>
          </button>
          <button
            class="ml-4"
            title="Переключить тему"
            type="button"
          >
            <div
              class="w-7 h-7"
            >
              <svg
                fill="none"
                height="24"
                stroke="currentColor"
                stroke-linecap="round"
                stroke-linejoin="round"
                stroke-width="2"
                style="width: 100%; height: 100%;"
                viewBox="0 0 24 24"
                width="24"
                xmlns="http://www.w3.org/2000/svg"
              >
                <path
                  d="M21 12.79A9 9 0 1 1 11.21 3 7 7 0 0 0 21 12.79z"
                />
              </svg>
            </div>
          </button>
        </div>
      </header>
      <time
        class="flex mb-1"
      >
        29 марта 2021
        <span
          class="opacity-70 inline-flex items-center ml-4"
        >
          <div
            class="mr-2 w-4 h-4"
          >
            <svg
              fill="none"
              height="24"
              stroke="currentColor"
              stroke-linecap="round"
              stroke-linejoin="round"
              stroke-width="2"
              style="width: 100%; height: 100%;"
              viewBox="0 0 24 24"
              width="24"
              xmlns="http://www.w3.org/2000/svg"
            >
              <circle
                cx="12"
                cy="12"
                r="10"
              />
              <polyline
                points="12 6 12 12 16 14"
              />
            </svg>
          </div>
          3 минуты
        </span>
      </time>
      <h1
        class="font-bold text-3xl mb-5"
      >
        Lorem ipsum, dolor sit amet consectetur adipisicing.
      </h1>
      <div
        class="mb-4"
      >
        
					Lorem ipsum dolor sit amet, consectetur adipisicing elit.
		Cumque voluptatum numquam, omnis saepe facere cupiditate
		sit accusamus nesciunt nam debitis voluptatem exercitationem
		fugiat modi, aliquid nostrum vitae! Repellendus atque aliquid
		corrupti animi deleniti voluptatem provident libero facilis
		veritatis aut totam, distinctio saepe reiciendis neque
		ducimus sit eligendi ut architecto iste commodi pariatur
		non soluta ea praesentium? Quas iusto placeat voluptate
		excepturi quia perspiciatis sapiente quae reprehenderit
		ratione nisi iure laudantium asperiores ad
					
        <br />
        
					
        <br />
        
					
        <img
          alt=""
          data-nimg="1"
          decoding="async"
          height="720"
          loading="lazy"
          src="/_next/image?url=%2F2021%2Fizmajlovo%2F02.jpg&w=1920&q=75"
          srcset="/_next/image?url=%2F2021%2Fizmajlovo%2F02.jpg&w=1080&q=75 1x, /_next/image?url=%2F2021%2Fizmajlovo%2F02.jpg&w=1920&q=75 2x"
          style="color: transparent;"
          width="960"
        />
        
					
        <br />
        
					
        <i>
          
					  
          <span>
            Фото: 
            <a
              class="group hover:underline underline"
              href="https://www.facebook.com/tatyana.tsarenko.94/posts/1955993087875425"
              rel="noopener noreferrer"
              target="_blank"
            >
              Татьяна Царенко / Facebook
              <div
                class="inline-block ml-1 w-3 h-3 opacity-70 group-hover:opacity-100 transition-opacity"
              >
                <svg
                  fill="none"
                  height="24"
                  stroke="currentColor"
                  stroke-linecap="round"
                  stroke-linejoin="round"
                  stroke-width="2"
                  style="width: 100%; height: 100%;"
                  viewBox="0 0 24 24"
                  width="24"
                  xmlns="http://www.w3.org/2000/svg"
                >
                  <path
                    d="M18 13v6a2 2 0 0 1-2 2H5a2 2 0 0 1-2-2V8a2 2 0 0 1 2-2h6"
                  />
                  <polyline
                    points="15 3 21 3 21 9"
                  />
                  <line
                    x1="10"
                    x2="21"
                    y1="14"
                    y2="3"
                  />
                </svg>
              </div>
            </a>
          </span>
          
					
        </i>
        
				
      </div>
      <div
        class="flex flex-wrap"
      >
        <a
          class="text-sm py-2 px-3 border rounded border-gray-700 border-solid mb-3 hover:no-underline mr-3"
          href="/search/%23%D0%9C%D0%BE%D1%81%D0%BA%D0%B2%D0%B0"
        >
          #Москва
        </a>
        <a
          class="text-sm py-2 px-3 border rounded border-gray-700 border-solid mb-3 hover:no-underline mr-3"
          href="/search/%23%D0%A0%D0%BE%D1%81%D1%81%D0%B8%D1%8F"
        >
          #Россия
        </a>
      </div>
    </div>
  </div>,
  "debug": [Function],
  "findAllByAltText": [Function],
  "findAllByDisplayValue": [Function],
  "findAllByLabelText": [Function],
  "findAllByPlaceholderText": [Function],
  "findAllByRole": [Function],
  "findAllByTestId": [Function],
  "findAllByText": [Function],
  "findAllByTitle": [Function],
  "findByAltText": [Function],
  "findByDisplayValue": [Function],
  "findByLabelText": [Function],
  "findByPlaceholderText": [Function],
  "findByRole": [Function],
  "findByTestId": [Function],
  "findByText": [Function],
  "findByTitle": [Function],
  "getAllByAltText": [Function],
  "getAllByDisplayValue": [Function],
  "getAllByLabelText": [Function],
  "getAllByPlaceholderText": [Function],
  "getAllByRole": [Function],
  "getAllByTestId": [Function],
  "getAllByText": [Function],
  "getAllByTitle": [Function],
  "getByAltText": [Function],
  "getByDisplayValue": [Function],
  "getByLabelText": [Function],
  "getByPlaceholderText": [Function],
  "getByRole": [Function],
  "getByTestId": [Function],
  "getByText": [Function],
  "getByTitle": [Function],
  "queryAllByAltText": [Function],
  "queryAllByDisplayValue": [Function],
  "queryAllByLabelText": [Function],
  "queryAllByPlaceholderText": [Function],
  "queryAllByRole": [Function],
  "queryAllByTestId": [Function],
  "queryAllByText": [Function],
  "queryAllByTitle": [Function],
  "queryByAltText": [Function],
  "queryByDisplayValue": [Function],
  "queryByLabelText": [Function],
  "queryByPlaceholderText": [Function],
  "queryByRole": [Function],
  "queryByTestId": [Function],
  "queryByText": [Function],
  "queryByTitle": [Function],
  "rerender": [Function],
  "unmount": [Function],
}
`;
